Release 14.7 - xst P.20131013 (nt64)
Copyright (c) 1995-2013 Xilinx, Inc.  All rights reserved.
--> Parameter TMPDIR set to xst/projnav.tmp


Total REAL time to Xst completion: 0.00 secs
Total CPU time to Xst completion: 0.15 secs
 
--> Parameter xsthdpdir set to xst


Total REAL time to Xst completion: 0.00 secs
Total CPU time to Xst completion: 0.15 secs
 
--> Reading design: RAM.prj

TABLE OF CONTENTS
  1) Synthesis Options Summary
  2) HDL Parsing
  3) HDL Elaboration
  4) HDL Synthesis
       4.1) HDL Synthesis Report
  5) Advanced HDL Synthesis
       5.1) Advanced HDL Synthesis Report
  6) Low Level Synthesis
  7) Partition Report
  8) Design Summary
       8.1) Primitive and Black Box Usage
       8.2) Device utilization summary
       8.3) Partition Resource Summary
       8.4) Timing Report
            8.4.1) Clock Information
            8.4.2) Asynchronous Control Signals Information
            8.4.3) Timing Summary
            8.4.4) Timing Details
            8.4.5) Cross Clock Domains Report


=========================================================================
*                      Synthesis Options Summary                        *
=========================================================================
---- Source Parameters
Input File Name                    : "RAM.prj"
Ignore Synthesis Constraint File   : NO

---- Target Parameters
Output File Name                   : "RAM"
Output Format                      : NGC
Target Device                      : xc7a100t-3-csg324

---- Source Options
Top Module Name                    : RAM
Automatic FSM Extraction           : YES
FSM Encoding Algorithm             : Auto
Safe Implementation                : No
FSM Style                          : LUT
RAM Extraction                     : Yes
RAM Style                          : Auto
ROM Extraction                     : Yes
Shift Register Extraction          : YES
ROM Style                          : Auto
Resource Sharing                   : YES
Asynchronous To Synchronous        : NO
Shift Register Minimum Size        : 2
Use DSP Block                      : Auto
Automatic Register Balancing       : No

---- Target Options
LUT Combining                      : Auto
Reduce Control Sets                : Auto
Add IO Buffers                     : YES
Global Maximum Fanout              : 100000
Add Generic Clock Buffer(BUFG)     : 32
Register Duplication               : YES
Optimize Instantiated Primitives   : NO
Use Clock Enable                   : Auto
Use Synchronous Set                : Auto
Use Synchronous Reset              : Auto
Pack IO Registers into IOBs        : Auto
Equivalent register Removal        : YES

---- General Options
Optimization Goal                  : Speed
Optimization Effort                : 1
Power Reduction                    : NO
Keep Hierarchy                     : No
Netlist Hierarchy                  : As_Optimized
RTL Output                         : Yes
Global Optimization                : AllClockNets
Read Cores                         : YES
Write Timing Constraints           : NO
Cross Clock Analysis               : NO
Hierarchy Separator                : /
Bus Delimiter                      : <>
Case Specifier                     : Maintain
Slice Utilization Ratio            : 100
BRAM Utilization Ratio             : 100
DSP48 Utilization Ratio            : 100
Auto BRAM Packing                  : NO
Slice Utilization Ratio Delta      : 5

=========================================================================


=========================================================================
*                          HDL Parsing                                  *
=========================================================================
Parsing VHDL file "E:\Education\CA\Lab\Basic_Computer\ca_fp\Basic_computer\RAM.vhd" into library work
Parsing entity <RAM>.
Parsing architecture <rtl> of entity <ram>.

=========================================================================
*                            HDL Elaboration                            *
=========================================================================

Elaborating entity <RAM> (architecture <rtl>) from library <work>.

=========================================================================
*                           HDL Synthesis                               *
=========================================================================

Synthesizing Unit <RAM>.
    Related source file is "E:\Education\CA\Lab\Basic_Computer\ca_fp\Basic_computer\RAM.vhd".
    Found 8-bit register for signal <ram<30>>.
    Found 8-bit register for signal <ram<29>>.
    Found 8-bit register for signal <ram<28>>.
    Found 8-bit register for signal <ram<27>>.
    Found 8-bit register for signal <ram<26>>.
    Found 8-bit register for signal <ram<25>>.
    Found 8-bit register for signal <ram<24>>.
    Found 8-bit register for signal <ram<23>>.
    Found 8-bit register for signal <ram<22>>.
    Found 8-bit register for signal <ram<21>>.
    Found 8-bit register for signal <ram<20>>.
    Found 8-bit register for signal <ram<19>>.
    Found 8-bit register for signal <ram<18>>.
    Found 8-bit register for signal <ram<17>>.
    Found 8-bit register for signal <ram<16>>.
    Found 8-bit register for signal <ram<15>>.
    Found 8-bit register for signal <ram<14>>.
    Found 8-bit register for signal <ram<13>>.
    Found 8-bit register for signal <ram<12>>.
    Found 8-bit register for signal <ram<11>>.
    Found 8-bit register for signal <ram<10>>.
    Found 8-bit register for signal <ram<9>>.
    Found 8-bit register for signal <ram<8>>.
    Found 8-bit register for signal <ram<7>>.
    Found 8-bit register for signal <ram<6>>.
    Found 8-bit register for signal <ram<5>>.
    Found 8-bit register for signal <ram<4>>.
    Found 8-bit register for signal <ram<3>>.
    Found 8-bit register for signal <ram<2>>.
    Found 8-bit register for signal <ram<1>>.
    Found 8-bit register for signal <ram<0>>.
    Found 8-bit register for signal <data_out>.
    Found 8-bit register for signal <ram<31>>.
INFO:Xst:3019 - HDL ADVISOR - 256 flip-flops were inferred for signal <ram>. You may be trying to describe a RAM in a way that is incompatible with block and distributed RAM resources available on Xilinx devices, or with a specific template that is not supported. Please review the Xilinx resources documentation and the XST user manual for coding guidelines. Taking advantage of RAM resources will lead to improved device usage and reduced synthesis time.
    Found 8-bit 32-to-1 multiplexer for signal <addr[4]_ram[31][7]_wide_mux_33_OUT> created at line 73.
    Summary:
	inferred 264 D-type flip-flop(s).
	inferred   1 Multiplexer(s).
Unit <RAM> synthesized.

=========================================================================
HDL Synthesis Report

Macro Statistics
# Registers                                            : 33
 8-bit register                                        : 33
# Multiplexers                                         : 1
 8-bit 32-to-1 multiplexer                             : 1

=========================================================================

=========================================================================
*                       Advanced HDL Synthesis                          *
=========================================================================


=========================================================================
Advanced HDL Synthesis Report

Macro Statistics
# Registers                                            : 264
 Flip-Flops                                            : 264
# Multiplexers                                         : 1
 8-bit 32-to-1 multiplexer                             : 1

=========================================================================

=========================================================================
*                         Low Level Synthesis                           *
=========================================================================

Optimizing unit <RAM> ...

Mapping all equations...
Building and optimizing final netlist ...
Found area constraint ratio of 100 (+ 5) on block RAM, actual ratio is 0.

Final Macro Processing ...

=========================================================================
Final Register Report

Macro Statistics
# Registers                                            : 264
 Flip-Flops                                            : 264

=========================================================================

=========================================================================
*                           Partition Report                            *
=========================================================================

Partition Implementation Status
-------------------------------

  No Partitions were found in this design.

-------------------------------

=========================================================================
*                            Design Summary                             *
=========================================================================

Top Level Output File Name         : RAM.ngc

Primitive and Black Box Usage:
------------------------------
# BELS                             : 125
#      LUT3                        : 1
#      LUT4                        : 36
#      LUT6                        : 80
#      MUXF7                       : 8
# FlipFlops/Latches                : 264
#      FDE                         : 264
# Clock Buffers                    : 1
#      BUFGP                       : 1
# IO Buffers                       : 24
#      IBUF                        : 16
#      OBUF                        : 8

Device utilization summary:
---------------------------

Selected Device : 7a100tcsg324-3 


Slice Logic Utilization: 
 Number of Slice Registers:             264  out of  126800     0%  
 Number of Slice LUTs:                  117  out of  63400     0%  
    Number used as Logic:               117  out of  63400     0%  

Slice Logic Distribution: 
 Number of LUT Flip Flop pairs used:    355
   Number with an unused Flip Flop:      91  out of    355    25%  
   Number with an unused LUT:           238  out of    355    67%  
   Number of fully used LUT-FF pairs:    26  out of    355     7%  
   Number of unique control sets:        33

IO Utilization: 
 Number of IOs:                          25
 Number of bonded IOBs:                  25  out of    210    11%  

Specific Feature Utilization:
 Number of BUFG/BUFGCTRLs:                1  out of     32     3%  

---------------------------
Partition Resource Summary:
---------------------------

  No Partitions were found in this design.

---------------------------


=========================================================================
Timing Report

NOTE: THESE TIMING NUMBERS ARE ONLY A SYNTHESIS ESTIMATE.
      FOR ACCURATE TIMING INFORMATION PLEASE REFER TO THE TRACE REPORT
      GENERATED AFTER PLACE-and-ROUTE.

Clock Information:
------------------
-----------------------------------+------------------------+-------+
Clock Signal                       | Clock buffer(FF name)  | Load  |
-----------------------------------+------------------------+-------+
clk                                | BUFGP                  | 264   |
-----------------------------------+------------------------+-------+

Asynchronous Control Signals Information:
----------------------------------------
No asynchronous control signals found in this design

Timing Summary:
---------------
Speed Grade: -3

   Minimum period: 1.955ns (Maximum Frequency: 511.614MHz)
   Minimum input arrival time before clock: 1.859ns
   Maximum output required time after clock: 0.640ns
   Maximum combinational path delay: No path found

Timing Details:
---------------
All values displayed in nanoseconds (ns)

=========================================================================
Timing constraint: Default period analysis for Clock 'clk'
  Clock period: 1.955ns (frequency: 511.614MHz)
  Total number of paths / destination ports: 256 / 8
-------------------------------------------------------------------------
Delay:               1.955ns (Levels of Logic = 3)
  Source:            ram_26_0 (FF)
  Destination:       data_out_0 (FF)
  Source Clock:      clk rising
  Destination Clock: clk rising

  Data Path: ram_26_0 to data_out_0
                                Gate     Net
    Cell:in->out      fanout   Delay   Delay  Logical Name (Net Name)
    ----------------------------------------  ------------
     FDE:C->Q              1   0.361   0.556  ram_26_0 (ram_26_0)
     LUT6:I2->O            1   0.097   0.556  Mmux_addr[4]_ram[31][7]_wide_mux_33_OUT_81 (Mmux_addr[4]_ram[31][7]_wide_mux_33_OUT_81)
     LUT6:I2->O            1   0.097   0.000  Mmux_addr[4]_ram[31][7]_wide_mux_33_OUT_3 (Mmux_addr[4]_ram[31][7]_wide_mux_33_OUT_3)
     MUXF7:I1->O           1   0.279   0.000  Mmux_addr[4]_ram[31][7]_wide_mux_33_OUT_2_f7 (addr[4]_ram[31][7]_wide_mux_33_OUT<0>)
     FDE:D                     0.008          data_out_0
    ----------------------------------------
    Total                      1.955ns (0.842ns logic, 1.113ns route)
                                       (43.1% logic, 56.9% route)

=========================================================================
Timing constraint: Default OFFSET IN BEFORE for Clock 'clk'
  Total number of paths / destination ports: 2240 / 528
-------------------------------------------------------------------------
Offset:              1.859ns (Levels of Logic = 3)
  Source:            addr<1> (PAD)
  Destination:       ram_28_0 (FF)
  Destination Clock: clk rising

  Data Path: addr<1> to ram_28_0
                                Gate     Net
    Cell:in->out      fanout   Delay   Delay  Logical Name (Net Name)
    ----------------------------------------  ------------
     IBUF:I->O            68   0.001   0.669  addr_1_IBUF (addr_1_IBUF)
     LUT4:I0->O            8   0.097   0.589  _n0226_inv11 (_n0226_inv1)
     LUT4:I0->O            8   0.097   0.311  _n0344_inv1 (_n0344_inv)
     FDE:CE                    0.095          ram_31_0
    ----------------------------------------
    Total                      1.859ns (0.290ns logic, 1.569ns route)
                                       (15.6% logic, 84.4% route)

=========================================================================
Timing constraint: Default OFFSET OUT AFTER for Clock 'clk'
  Total number of paths / destination ports: 8 / 8
-------------------------------------------------------------------------
Offset:              0.640ns (Levels of Logic = 1)
  Source:            data_out_7 (FF)
  Destination:       data_out<7> (PAD)
  Source Clock:      clk rising

  Data Path: data_out_7 to data_out<7>
                                Gate     Net
    Cell:in->out      fanout   Delay   Delay  Logical Name (Net Name)
    ----------------------------------------  ------------
     FDE:C->Q              1   0.361   0.279  data_out_7 (data_out_7)
     OBUF:I->O                 0.000          data_out_7_OBUF (data_out<7>)
    ----------------------------------------
    Total                      0.640ns (0.361ns logic, 0.279ns route)
                                       (56.4% logic, 43.6% route)

=========================================================================

Cross Clock Domains Report:
--------------------------

Clock to Setup on destination clock clk
---------------+---------+---------+---------+---------+
               | Src:Rise| Src:Fall| Src:Rise| Src:Fall|
Source Clock   |Dest:Rise|Dest:Rise|Dest:Fall|Dest:Fall|
---------------+---------+---------+---------+---------+
clk            |    1.955|         |         |         |
---------------+---------+---------+---------+---------+

=========================================================================


Total REAL time to Xst completion: 11.00 secs
Total CPU time to Xst completion: 11.55 secs
 
--> 

Total memory usage is 4689732 kilobytes

Number of errors   :    0 (   0 filtered)
Number of warnings :    0 (   0 filtered)
Number of infos    :    1 (   0 filtered)

